app/products/[id]/page.tsx(89,24): error TS18048: 'sizeObj.price' is possibly 'undefined'.
app/products/[id]/page.tsx(90,13): error TS2322: Type 'number | undefined' is not assignable to type 'number'.
  Type 'undefined' is not assignable to type 'number'.
app/products/[id]/page.tsx(93,25): error TS18048: 'colorObj.price' is possibly 'undefined'.
app/products/[id]/page.tsx(94,13): error TS2322: Type 'number | undefined' is not assignable to type 'number'.
  Type 'undefined' is not assignable to type 'number'.
app/products/[id]/page.tsx(158,45): error TS2345: Argument of type 'string | { name: string; price?: number | undefined; originalPrice?: number | undefined; }' is not assignable to parameter of type 'SetStateAction<string>'.
  Type '{ name: string; price?: number | undefined; originalPrice?: number | undefined; }' is not assignable to type 'SetStateAction<string>'.
app/products/[id]/page.tsx(164,46): error TS2345: Argument of type 'string | { name: string; price?: number | undefined; originalPrice?: number | undefined; }' is not assignable to parameter of type 'SetStateAction<string>'.
  Type '{ name: string; price?: number | undefined; originalPrice?: number | undefined; }' is not assignable to type 'SetStateAction<string>'.
